near "attachment_24383": syntax error
http://www.ewhale.cn/app-info/product-technology/24382.html
社区金融APP有哪些应用功能板块？

near "attachment_24014": syntax error
http://www.ewhale.cn/app-info/product-technology/24013.html
研发理财APP对互联网金融有什么影响？

near "attachment_24001": syntax error
http://www.ewhale.cn/app-info/product-technology/24000.html
2018年了，共享经济怎么样了？

near "attachment_23998": syntax error
http://www.ewhale.cn/app-info/product-technology/23997.html
类似短视频拍摄APP被广泛应用的原因

near "attachment_23995": syntax error
http://www.ewhale.cn/app-info/product-technology/23994.html
浅析开发一款APP怎么赚钱？

near "attachment_23960": syntax error
http://www.ewhale.cn/app-info/product-technology/23959.html
类似美团APP这样的外卖APP有什么优势呢？

near "attachment_23956": syntax error
http://www.ewhale.cn/app-info/industry-news/23955.html
金融APP开发功能应用分析

near "attachment_23953": syntax error
http://www.ewhale.cn/app-info/product-technology/23952.html
医疗美容APP软件市场发展现状

near "attachment_23950": syntax error
http://www.ewhale.cn/app-info/product-technology/23949.html
新时代的图片社交APP软件特点分析

near "attachment_23947": syntax error
http://www.ewhale.cn/app-info/product-technology/23946.html
APP开发公司：类似秒拍短视频火爆的原因

near "attachment_23944": syntax error
http://www.ewhale.cn/app-info/company-news/23943.html
共享健身房APP平台有什么价值存在？

near "attachment_23941": syntax error
http://www.ewhale.cn/app-info/product-technology/23940.html
浅析微信小程序的功能价值

near "attachment_23938": syntax error
http://www.ewhale.cn/app-info/product-technology/23937.html
旧电器回收APP让旧电器回收简单点

near "attachment_23895": syntax error
http://www.ewhale.cn/app-info/product-technology/23894.html
智能家居中智能饮水机APP软件有什么功能？

near "attachment_23879": syntax error
http://www.ewhale.cn/app-info/product-technology/23878.html
电商APP开发公司：浅析海淘APP受欢迎的原因

near "扫货直播": syntax error
http://www.ewhale.cn/app-info/operate-promote/20037.html
小红书和洋码头，哪个跨境电商APP软件好用？

near "、24小时送药到家": syntax error
http://www.ewhale.cn/app-info/operate-promote/19005.html
掌上购药APP软件好药师有什么产品优势

near "帮": syntax error
http://www.ewhale.cn/app-info/industry-news/18429.html
母婴社区APP软件辣妈帮产品特色和功能分析

near "一等奖": syntax error
http://www.ewhale.cn/app-info/company-news/16419.html
OK快送已经上了互联网快车，你在哪？

near "记账": syntax error
http://www.ewhale.cn/app-info/product-technology/15312.html
金融记账APP开发平台随手记案例剖析

unrecognized token: "5S售后服务"
http://www.ewhale.cn/app-info/industry-news/15079.html
APP开发公司剖析无人机如何带来更好的体验

near "的淘宝直播，主要以女性用户为住。涵盖母婴、美妆、潮搭、美食、运动健身等范畴，消费者可以“边看边买”。 ": syntax error
http://www.ewhale.cn/app-info/industry-news/13903.html
手机淘宝APP平台上线“边看边买边卖”直播服务

near "妈，我回来了。”小王推开家门把鞋子往门口一甩就摊在沙发上开始玩手机。王母看着儿子日复一日的这样心里起了火：“你就一直在家里混吃等死吗？现在的小孩子哪个不是出去找工作？就你一个人天天打游戏打打打，有什么好玩的？迟早有一天死在网吧！”小王无所谓的点着头，以为这次王母和以前一样说一会就好了，结果王母一直停不下来直到王母提到以前的邻居“你看看人家小明，成绩又好人又听话这次一毕业就出去找工作…”“别说了！”小王从沙发上蹦起来，他最讨厌父母拿自己和别人比“不就是找工作吗？我这就去找好吧！”“你这样别想找到工作…”王母的话没说完就被小王的摔门声打断。 “不行…这个也不行，哎呀，这个也不会啊！”小王在手机上搜索这招聘信息，挑来挑去竟然找不到一个自己是可以符合要求的。“砰”的一声，小王把自己摔在床上“怎么办？真的要被妈骂一辈子，真的要一辈子拿我当反面教材吗？”小王毫无目的的翻着微信，突然被一条信息吸引住了眼球：你让我们以梦为马，共赢天下——广州APP定制公司【紫鲸互联】为新经济体护航。专注于APP定制开发服务，欢迎年轻的你加入。 五年后。 “所以成功永远是留给善于发现的人的，机会有时候就在你面前，就看你舍不舍得，信不信。”王V站在演讲台上说。台下想起了雷鸣般的掌声。主持人走上台来说“非常棒的演讲，这次的演讲到这里都结束了，我们感谢XX公司的创始人兼CEO王V的到来……”": syntax error
http://www.ewhale.cn/app-info/operate-promote/13392.html
广州APP定制公司实录：给自己一个靠近成功的机会

near "就可以了。当今互联网时代大家已经习惯使用拼音输入法，这也导致了人们经常忘记汉字的形体结构。比如说“癞蛤蟆”这三个字在中央电视台一挡栏目中现场调查显示有70": syntax error
http://www.ewhale.cn/app-info/product-technology/13386.html
一个估值10亿美金的输入法软件是如何开发的？

near "创始人一定要自己抓产品": syntax error
http://www.ewhale.cn/app-info/product-technology/13279.html
天气APP软件开发要学刘作虎的一加手机

near "书单": syntax error
http://www.ewhale.cn/app-info/industry-news/13204.html
广州APP外包公司建议做魅力人格化的公众号

near "首善之区": syntax error
http://www.ewhale.cn/app-info/industry-news/13082.html
酒店APP开发之如家酒店女生遇袭事件分析

near "我的心情“，各种表情类图片相对于文字有较大的优势；对于“我是谁”和“我在干什么”，图片也有一定的表现力。再考虑到以上五种信息在社交中所的占比重有差异，图片对社交的重要性程度大概能到四分之一左右。对图片社交APP开发而言，图片的优点：": syntax error
http://www.ewhale.cn/app-info/operate-promote/12371.html
图片社交APP开发为什么优于文字的重要性

near "宝宝": syntax error
http://www.ewhale.cn/app-info/product-technology/10727.html
短期备用金选择哪类活期金融理财APP开发产品更划算

near "存款": syntax error
http://www.ewhale.cn/app-info/industry-news/7823.html
P2P金融理财APP开发的全民保障体系

near "后台播报": syntax error
http://www.ewhale.cn/app-info/industry-news/6801.html
导航APP开发应用软件给车主更多一层的安全保障

near "看病难": syntax error
http://www.ewhale.cn/app-info/operate-promote/5708.html
未来移动医疗APP开发整合妇产科的资源

near "家政服务": syntax error
http://www.ewhale.cn/app-info/industry-news/4900.html
家政app开发助传统家政服务二次升级

near "离线也能使用": syntax error
http://www.ewhale.cn/app-info/operate-promote/3386.html
APP定制开发在细节中打动客户

near "无忧停车": syntax error
http://www.ewhale.cn/app-info/product-technology/2880.html
汽车服务APP开发撬动万亿级的汽车市场

near "在国内，菜市场通过每笔在线交易收取一定的费用，在美国，“菜市场”生鲜APP开发主要与菜市场合作，由菜市场统一向商户推广，收取固定的月费，再加上每笔在线交易的费用。": syntax error
http://www.ewhale.cn/app-info/industry-news/2734.html
生鲜APP开发如何解决用户痛点

near "互联网": syntax error
http://www.ewhale.cn/app-info/operate-promote/2591.html
新闻APP并读上线45天用户突破500万

UNIQUE constraint failed: text.url
http://www.ewhale.cn/app-info/operate-promote/1794.html
六大移动营销必学心得

UNIQUE constraint failed: text.url
http://www.ewhale.cn/app-info/operate-promote/1777.html
学会APP描述是迈向市场的第一步

UNIQUE constraint failed: text.url
http://www.ewhale.cn/app-info/product-technology/1721.html
开发APP应用，把控三大特性

UNIQUE constraint failed: text.url
http://www.ewhale.cn/app-info/operate-promote/1703.html
APP开发的数据战略

UNIQUE constraint failed: text.url
http://www.ewhale.cn/app-info/operate-promote/1699.html
APP定制-数据分析技巧篇

UNIQUE constraint failed: text.url
http://www.ewhale.cn/app-info/operate-promote/1794.html
六大移动营销必学心得

UNIQUE constraint failed: text.url
http://www.ewhale.cn/app-info/operate-promote/1777.html
学会APP描述是迈向市场的第一步

UNIQUE constraint failed: text.url
http://www.ewhale.cn/app-info/product-technology/1721.html
开发APP应用，把控三大特性

near "在旅途": syntax error
http://www.ewhale.cn/app-info/product-technology/1707.html
旅游APP，新奇旅途

UNIQUE constraint failed: text.url
http://www.ewhale.cn/app-info/operate-promote/1703.html
APP开发的数据战略

UNIQUE constraint failed: text.url
http://www.ewhale.cn/app-info/operate-promote/1699.html
APP定制-数据分析技巧篇

UNIQUE constraint failed: text.url
http://www.ewhale.cn/app-info/product-technology/1668.html
在线教育APP定制开发：大势所趋

near "。对于女性的App现已成为移动电商领域中一个主要的笔直分类。与其他电商首要挖掘“刚需": syntax error
http://www.ewhale.cn/app-info/industry-news/1441.html
app设计——女性App成功创业者

near "涂鸿川说。“火一把": syntax error
http://www.ewhale.cn/app-info/industry-news/1435.html
app设计——应用类APP的可持续性发展战略

near "，他们才决定修改iOS开发者计划协议中的部分章节，这旨在完善app开发的规则，放松今年早些时候做出的部分限制。": syntax error
http://www.ewhale.cn/app-info/industry-news/1422.html
app设计——iphone app开发需要哪些工具

near "。不过，保险公司利用IT、互联网等新技术开拓创新的思路和做法还是值得肯定的。对客户来说，电话回访是该改革了，每次回访总觉得很无聊很生硬，尤其是在忙的时候很不方便接受回访。对保险公司来说，探索新形式的回访方式避免了“一套话术走全国": syntax error
http://www.ewhale.cn/app-info/industry-news/1402.html
广州app——手机APP：银行保护用户隐私比险企更严格

near "这就是可穿戴设备，它能够增强人体机能，并成为人体本身的“一部分": syntax error
http://www.ewhale.cn/app-info/industry-news/1352.html
广州app——APP客户端制作 购买可穿戴设备将是人的本能

near "手机APP面向市民公测以来，极大方便了市民乘公交出行，当前，全市已有十余万用户运用该运用查询公交车信息。昨日，公交集团正式启用“车来了": syntax error
http://www.ewhale.cn/app-info/industry-news/1348.html
广州app——车来了”手机APP：公交啥时到手机电视都能查

near "却流行除了谈话、图片的交流之外，你有没有想过和陌生人交流还可以用其他方式？“YO": syntax error
http://www.ewhale.cn/app-info/1345.html
广州APP——APP达人- 陌生社交应用“蠢萌”却流行

near "到该环境中": syntax error
http://www.ewhale.cn/app-info/industry-news/1326.html
广州app——APP软件开发需要消耗一定资金成本，值吗?

near "涂鸿川说。“火一把": syntax error
http://www.ewhale.cn/app-info/1322.html
广州app——应用类APP

near "landscape": syntax error
http://www.ewhale.cn/app-info/industry-news/715.html
广州app开发如何完成反正屏的切换，切屏代码

near "。公司手机客户端是“3G年代的公司标识": syntax error
http://www.ewhale.cn/app-info/industry-news/703.html
广州app,APP软件开发借势给力公司移动新推广！

near "是一款看起来有些“愚笨": syntax error
http://www.ewhale.cn/app-info/industry-news/671.html
app外包，APP达人- 陌生交际使用“蠢萌”却盛行

near "手机APP面向市民公测以来，极大方便了市民乘公交出行，当前，全市已有十余万用户运用该运用查询公交车信息。昨日，公交集团正式启用“车来了": syntax error
http://www.ewhale.cn/app-info/industry-news/668.html
app设计与您分享“车来了”手机APP：公交啥时到手机电视都能查

near "下来的取得成功的并不多。因此有许多创业者都说过，用户的心如风中柳絮不可捉摸。而这种表象在女人APP范畴中更为显着，“女人心海底针": syntax error
http://www.ewhale.cn/app-info/industry-news/662.html
广州app女人APP：做社区仍是做东西？

near "。关于女人的App现已成为移动电商范畴中一个重要的笔直分类。与其他电商首要开掘“刚需": syntax error
http://www.ewhale.cn/app-info/industry-news/658.html
app设计与您同享女人App成创业者蓝海

near "FDA的监控要点是以下两种使用或设备。第一是那些作为衔接医疗设备东西的使用。第二是那些将智能手机成为医疗东西的使用。如今有些使用会经过设备传感器和软件来让智能手机代替医师成为确诊东西，而这样的使用往往是欠科学和不负责的。比方一款将智能手机成为心电机以此来勘探不正常心率的使用。Rodriguez说道：“如果使用开发者对他们的手机使用的危险程度有疑问，或者对是不是做上市前查询纠结的话，咱们鼓舞他们尽早与FDA取得联系。": syntax error
http://www.ewhale.cn/app-info/industry-news/653.html
app外包与您共享健康类App使用想发挥作用还得靠政府

near "：用户检验了一次为移动内容买单，就会习气这种办法，而且不只约束在微信或是腾讯有关效力和游戏上面。连微信自己从未想过游戏商场会如此无量。不止一个运用商铺": syntax error
http://www.ewhale.cn/app-info/industry-news/639.html
app外包与您共享中国app生态体系与微信之联系论

near "。不过，保险公司运用IT、互联网等新技术开拓创新的思路和做法仍是值得必定的。对客户来说，电话回访是该改造了，每次回访总觉得很无聊很生硬，尤其是在忙的时分很不便当接受回访。对保险公司来说，根究新办法的回访办法防止了“一套话术走全国": syntax error
http://www.ewhale.cn/app-info/industry-news/636.html
app设计与您同享手机APP：银行保护用户隐私比险企更严峻

near "的首选协作途径。业界剖析以为，baidu使用分发途径倚靠“使用商铺": syntax error
http://www.ewhale.cn/app-info/industry-news/633.html
app外包，游戏类Top App分发商场baidu以39%居首

near "，第二天就看全部清河区域乌泱泱跪满了全国各地飞来的商务，咱占好方位，回头卖跪的次序排行还能好赚一笔。】手机分销期间及可预装空间1、国代：天音（三星华为联想的中低端手机为主）、爱施德（三星高端手机），普天太力，中邮普泰（刷不了），酷人。2、省代：这一层是鼎开、酷乐。帆悦这种国内刷机商开端介入的当地。3、出售门店：苏宁国美这些，也都有有心人在做这类途径的资本整合以上三个出售期间是手机预装的主战场，一层刷完一层再刷，有的刷rom有的刷root，有的能够做到刷进去就无法卸载，有的仅仅假惺惺做个安装，水本来仍是比较深的。当前途径商务圈线下做的比较好的，能排上名的有优酷马铃薯的魏风、腾讯的欧阳潇杰、今天头条的雷建华这几位。运营商途径预装也是不行小觑的一块线下商场，大量的手机从营业厅被分发出去，触角网络深入全国各旮旯，三四五线城市、县城、村庄……身在一二线城市，早已习气互联网生活方法，曾经我也很疑惑，还谁去营业厅买手机。事实证明自个真是too": syntax error
http://www.ewhale.cn/app-info/industry-news/626.html
app外包，App攻略一篇文章看懂线下预装商场

near "，这批整车品牌的官方运用始一推出就遭到媒体重视，有人将其标榜为互联网年代新的推广方法，其精确性，方位化，互动性和高用户粘度遭到厂家的重视。一年往后当咱们再来看看这些运用，好像现已被用户遗忘。一初步方向就错了整车厂的品牌app大致分两个方向开发，一是对自个商品和技能的朴素展现，像群众“蓝色驱动": syntax error
http://www.ewhale.cn/app-info/industry-news/617.html
app外包，整车厂做欠好APP，那车联网咋整？

near "的技能完成，开始的几个新闻APP商品，与其说是一个APP商品，不如说是一个WEB微型网站包装了一个外壳，未能最大极限的使用苹果iOS体系所供给的许多交互以及信息计算功用，从诞生之初就是一个变形的商品。因而第一个版别开发完毕以后，更多的报社又挑选了抛弃此版别挑选别的的合作伙伴，或者是自个安排技能团队进行开发，从前的版别宣告废弃，意味着第一轮的玩票完毕。此文章由发布。相关新闻：​": syntax error
http://www.ewhale.cn/app-info/industry-news/611.html
app设计，为做APP而做APP，快上需要大过高质量需要

near "可以和你互动啊，这个是大错特错，很多用户在不了解一个APP之前是不会简单下载的，除非这个APP是非下不可，而且很多APP的用户反响都藏的很深，用户通常找不到。相反，通过微博，用户可以实时的了解你，好的微博内容还会致运用户的转发和涣散，这些都是建立微博的长处，当然微博不仅是新浪微博，其他的微博也都要入驻，别让腾讯微博的用户去新浪微博找你，那是不或许的。第三步": syntax error
http://www.ewhale.cn/app-info/company-news/601.html
广州app,简略五步教你怎样推广APP

near "aligncenter": syntax error
http://www.ewhale.cn/app-info/industry-news/447.html
女性APP市场变更，美甲跻身前列

